=== ARM prod_d8_m20_e003_n540_s7 ===
  fold 1 done (0.2 min)
  fold 2 done (0.4 min)
  fold 3 done (0.6 min)
  fold 4 done (0.9 min)
  fold 5 done (1.1 min)
>>> prod_d8_m20_e003_n540_s7  OOF 1.13878
ARM_DONE prod_d8_m20_e003_n540_s7 1.13878
=== ARM noenc_d8_m20_e003_n540_s7 ===
  fold 1 done (0.2 min)
  fold 2 done (0.4 min)
  fold 3 done (0.6 min)
  fold 4 done (0.8 min)
  fold 5 done (1.0 min)
>>> noenc_d8_m20_e003_n540_s7  OOF 1.15875
ARM_DONE noenc_d8_m20_e003_n540_s7 1.15875
=== ARM honest_d8_m20_e003_n540_s7 ===
  fold 1 done (0.2 min)
  fold 2 done (0.4 min)
  fold 3 done (0.7 min)
  fold 4 done (0.9 min)
  fold 5 done (1.1 min)
>>> honest_d8_m20_e003_n540_s7  OOF 1.16685
ARM_DONE honest_d8_m20_e003_n540_s7 1.16685
=== ARM leaky_d8_m20_e003_n540_s7 ===
  fold 1 done (0.2 min)
  fold 2 done (0.5 min)
  fold 3 done (0.7 min)
  fold 4 done (1.0 min)
  fold 5 done (1.2 min)
>>> leaky_d8_m20_e003_n540_s7  OOF 1.14846
ARM_DONE leaky_d8_m20_e003_n540_s7 1.14846
=== ARM prod_d8_m20_e003_n540_s2024 ===
  fold 1 done (0.2 min)
  fold 2 done (0.4 min)
  fold 3 done (0.6 min)
  fold 4 done (0.8 min)
  fold 5 done (1.0 min)
>>> prod_d8_m20_e003_n540_s2024  OOF 1.13778
ARM_DONE prod_d8_m20_e003_n540_s2024 1.13778
=== ARM noenc_d8_m20_e003_n540_s2024 ===
  fold 1 done (0.2 min)
  fold 2 done (0.4 min)
  fold 3 done (0.6 min)
  fold 4 done (0.7 min)
  fold 5 done (0.9 min)
>>> noenc_d8_m20_e003_n540_s2024  OOF 1.16007
ARM_DONE noenc_d8_m20_e003_n540_s2024 1.16007
=== ARM honest_d8_m20_e003_n540_s2024 ===
  fold 1 done (0.2 min)
  fold 2 done (0.4 min)
  fold 3 done (0.6 min)
  fold 4 done (0.8 min)
  fold 5 done (1.1 min)
>>> honest_d8_m20_e003_n540_s2024  OOF 1.16517
ARM_DONE honest_d8_m20_e003_n540_s2024 1.16517
=== ARM leaky_d8_m20_e003_n540_s2024 ===
  fold 1 done (0.2 min)
  fold 2 done (0.4 min)
  fold 3 done (0.7 min)
  fold 4 done (0.9 min)
  fold 5 done (1.2 min)
>>> leaky_d8_m20_e003_n540_s2024  OOF 1.14775
ARM_DONE leaky_d8_m20_e003_n540_s2024 1.14775
=== ARM prod_d8_m20_e003_n540_s31 ===
  fold 1 done (0.2 min)
  fold 2 done (0.5 min)
  fold 3 done (0.7 min)
  fold 4 done (0.9 min)
  fold 5 done (1.2 min)
>>> prod_d8_m20_e003_n540_s31  OOF 1.13767
ARM_DONE prod_d8_m20_e003_n540_s31 1.13767
=== ARM noenc_d8_m20_e003_n540_s31 ===
  fold 1 done (0.2 min)
  fold 2 done (0.4 min)
  fold 3 done (0.7 min)
  fold 4 done (0.9 min)
  fold 5 done (1.1 min)
>>> noenc_d8_m20_e003_n540_s31  OOF 1.15995
ARM_DONE noenc_d8_m20_e003_n540_s31 1.15995
=== ARM honest_d8_m20_e003_n540_s31 ===
  fold 1 done (0.2 min)
  fold 2 done (0.5 min)
  fold 3 done (0.7 min)
  fold 4 done (0.9 min)
  fold 5 done (1.2 min)
>>> honest_d8_m20_e003_n540_s31  OOF 1.16593
ARM_DONE honest_d8_m20_e003_n540_s31 1.16593
=== ARM leaky_d8_m20_e003_n540_s31 ===
  fold 1 done (0.3 min)
  fold 2 done (0.5 min)
  fold 3 done (0.7 min)
  fold 4 done (1.0 min)
  fold 5 done (1.3 min)
>>> leaky_d8_m20_e003_n540_s31  OOF 1.14749
ARM_DONE leaky_d8_m20_e003_n540_s31 1.14749
=== ARM prod_d8_m20_e003_n540_s55 ===
  fold 1 done (0.3 min)
  fold 2 done (0.5 min)
  fold 3 done (0.8 min)
  fold 4 done (1.0 min)
  fold 5 done (1.3 min)
>>> prod_d8_m20_e003_n540_s55  OOF 1.13878
ARM_DONE prod_d8_m20_e003_n540_s55 1.13878
=== ARM noenc_d8_m20_e003_n540_s55 ===
  fold 1 done (0.2 min)
  fold 2 done (0.4 min)
  fold 3 done (0.6 min)
  fold 4 done (0.8 min)
  fold 5 done (1.0 min)
>>> noenc_d8_m20_e003_n540_s55  OOF 1.16005
ARM_DONE noenc_d8_m20_e003_n540_s55 1.16005
=== ARM honest_d8_m20_e003_n540_s55 ===
  fold 1 done (0.2 min)
  fold 2 done (0.5 min)
  fold 3 done (0.7 min)
  fold 4 done (0.9 min)
  fold 5 done (1.1 min)
>>> honest_d8_m20_e003_n540_s55  OOF 1.16626
ARM_DONE honest_d8_m20_e003_n540_s55 1.16626
=== ARM leaky_d8_m20_e003_n540_s55 ===
  fold 1 done (0.2 min)
  fold 2 done (0.4 min)
  fold 3 done (0.6 min)
  fold 4 done (0.8 min)
  fold 5 done (1.0 min)
>>> leaky_d8_m20_e003_n540_s55  OOF 1.14844
ARM_DONE leaky_d8_m20_e003_n540_s55 1.14844
=== ARM prod_d10_m10_e002_n1400_s123 ===
  fold 1 done (0.5 min)
  fold 2 done (1.1 min)
  fold 3 done (1.7 min)
  fold 4 done (2.3 min)
  fold 5 done (2.9 min)
>>> prod_d10_m10_e002_n1400_s123  OOF 1.11799
ARM_DONE prod_d10_m10_e002_n1400_s123 1.11799
=== ARM noenc_d10_m10_e002_n1400_s123 ===
  fold 1 done (0.6 min)
  fold 2 done (1.1 min)
  fold 3 done (1.7 min)
  fold 4 done (2.4 min)
  fold 5 done (3.2 min)
>>> noenc_d10_m10_e002_n1400_s123  OOF 1.19566
ARM_DONE noenc_d10_m10_e002_n1400_s123 1.19566
=== ARM honest_d10_m10_e002_n1400_s123 ===
  fold 1 done (0.8 min)
  fold 2 done (1.5 min)
  fold 3 done (2.3 min)
  fold 4 done (3.1 min)
  fold 5 done (3.9 min)
>>> honest_d10_m10_e002_n1400_s123  OOF 1.20361
ARM_DONE honest_d10_m10_e002_n1400_s123 1.20361
=== ARM leaky_d10_m10_e002_n1400_s123 ===
  fold 1 done (0.8 min)
  fold 2 done (1.4 min)
  fold 3 done (2.1 min)
  fold 4 done (2.7 min)
  fold 5 done (3.4 min)
>>> leaky_d10_m10_e002_n1400_s123  OOF 1.15306
ARM_DONE leaky_d10_m10_e002_n1400_s123 1.15306
DRIVER_B_DONE
