=== ARM block_d8_m20_e003_n540_s123 ===
  fold 1 (ref fold 2, train folds 3,4,5) done 0.2 min
  fold 2 (ref fold 3, train folds 1,4,5) done 0.4 min
  fold 3 (ref fold 4, train folds 1,2,5) done 0.6 min
  fold 4 (ref fold 5, train folds 1,2,3) done 0.7 min
  fold 5 (ref fold 1, train folds 2,3,4) done 0.9 min
>>> block_d8_m20_e003_n540_s123  OOF 1.16766
ARM_DONE block_d8_m20_e003_n540_s123 1.16766
=== ARM block_d10_m20_e003_n540_s123 ===
  fold 1 (ref fold 2, train folds 3,4,5) done 0.2 min
  fold 2 (ref fold 3, train folds 1,4,5) done 0.4 min
  fold 3 (ref fold 4, train folds 1,2,5) done 0.6 min
  fold 4 (ref fold 5, train folds 1,2,3) done 0.8 min
  fold 5 (ref fold 1, train folds 2,3,4) done 1.0 min
>>> block_d10_m20_e003_n540_s123  OOF 1.17846
ARM_DONE block_d10_m20_e003_n540_s123 1.17846
=== ARM block0_d8_m20_e003_n540_s123 ===
  fold 1 (ref fold 2, train folds 3,4,5) done 0.2 min
  fold 2 (ref fold 3, train folds 1,4,5) done 0.3 min
  fold 3 (ref fold 4, train folds 1,2,5) done 0.5 min
  fold 4 (ref fold 5, train folds 1,2,3) done 0.7 min
  fold 5 (ref fold 1, train folds 2,3,4) done 0.8 min
>>> block0_d8_m20_e003_n540_s123  OOF 1.16320
ARM_DONE block0_d8_m20_e003_n540_s123 1.16320
=== ARM block0_d10_m20_e003_n540_s123 ===
  fold 1 (ref fold 2, train folds 3,4,5) done 0.2 min
  fold 2 (ref fold 3, train folds 1,4,5) done 0.4 min
  fold 3 (ref fold 4, train folds 1,2,5) done 0.5 min
  fold 4 (ref fold 5, train folds 1,2,3) done 0.7 min
  fold 5 (ref fold 1, train folds 2,3,4) done 0.9 min
>>> block0_d10_m20_e003_n540_s123  OOF 1.17629
ARM_DONE block0_d10_m20_e003_n540_s123 1.17629
=== ARM block_d8_m20_e003_n540_s7 ===
  fold 1 (ref fold 2, train folds 3,4,5) done 0.2 min
  fold 2 (ref fold 3, train folds 1,4,5) done 0.3 min
  fold 3 (ref fold 4, train folds 1,2,5) done 0.5 min
  fold 4 (ref fold 5, train folds 1,2,3) done 0.7 min
  fold 5 (ref fold 1, train folds 2,3,4) done 0.9 min
>>> block_d8_m20_e003_n540_s7  OOF 1.16793
ARM_DONE block_d8_m20_e003_n540_s7 1.16793
=== ARM block_d10_m20_e003_n540_s7 ===
  fold 1 (ref fold 2, train folds 3,4,5) done 0.2 min
  fold 2 (ref fold 3, train folds 1,4,5) done 0.4 min
  fold 3 (ref fold 4, train folds 1,2,5) done 0.6 min
  fold 4 (ref fold 5, train folds 1,2,3) done 0.8 min
  fold 5 (ref fold 1, train folds 2,3,4) done 1.0 min
>>> block_d10_m20_e003_n540_s7  OOF 1.17955
ARM_DONE block_d10_m20_e003_n540_s7 1.17955
=== ARM block0_d8_m20_e003_n540_s7 ===
  fold 1 (ref fold 2, train folds 3,4,5) done 0.2 min
  fold 2 (ref fold 3, train folds 1,4,5) done 0.4 min
  fold 3 (ref fold 4, train folds 1,2,5) done 0.6 min
  fold 4 (ref fold 5, train folds 1,2,3) done 0.8 min
  fold 5 (ref fold 1, train folds 2,3,4) done 0.9 min
>>> block0_d8_m20_e003_n540_s7  OOF 1.16357
ARM_DONE block0_d8_m20_e003_n540_s7 1.16357
=== ARM block0_d10_m20_e003_n540_s7 ===
  fold 1 (ref fold 2, train folds 3,4,5) done 0.2 min
  fold 2 (ref fold 3, train folds 1,4,5) done 0.4 min
  fold 3 (ref fold 4, train folds 1,2,5) done 0.6 min
  fold 4 (ref fold 5, train folds 1,2,3) done 0.8 min
  fold 5 (ref fold 1, train folds 2,3,4) done 1.0 min
>>> block0_d10_m20_e003_n540_s7  OOF 1.17594
ARM_DONE block0_d10_m20_e003_n540_s7 1.17594
DRIVER_C_DONE
